2026-04-26 22:28:12,226 - INFO - Starting server on port 8787
2026-04-26 22:28:12,540 - INFO - Server started at http://0.0.0.0:8787
2026-04-26 22:28:15,119 - INFO - Request: {"timestamp": "2026-04-26T22:28:15.119489", "method": "GET", "path": "/health", "status": 200, "duration_ms": 840.89}
2026-04-26 22:28:17,318 - INFO - Request: {"timestamp": "2026-04-26T22:28:17.318525", "method": "GET", "path": "/health", "status": 200, "duration_ms": 1046.73}
2026-04-26 22:28:19,268 - INFO - Request: {"timestamp": "2026-04-26T22:28:19.268479", "method": "GET", "path": "/health", "status": 200, "duration_ms": 824.32}
2026-04-26 22:28:21,937 - INFO - Request: {"timestamp": "2026-04-26T22:28:21.936951", "method": "GET", "path": "/health", "status": 200, "duration_ms": 1548.92}
2026-04-26 22:28:23,893 - INFO - Request: {"timestamp": "2026-04-26T22:28:23.892761", "method": "GET", "path": "/health", "status": 200, "duration_ms": 818.0}
2026-04-26 22:28:26,983 - INFO - Request: {"timestamp": "2026-04-26T22:28:26.983035", "method": "GET", "path": "/health", "status": 200, "duration_ms": 1859.14}
2026-04-26 22:28:29,538 - INFO - Request: {"timestamp": "2026-04-26T22:28:29.538524", "method": "GET", "path": "/health", "status": 200, "duration_ms": 1337.19}
2026-04-26 22:28:32,099 - INFO - Request: {"timestamp": "2026-04-26T22:28:32.099659", "method": "GET", "path": "/health", "status": 200, "duration_ms": 1192.11}
2026-04-26 22:28:34,377 - INFO - Request: {"timestamp": "2026-04-26T22:28:34.377396", "method": "GET", "path": "/health", "status": 200, "duration_ms": 1091.85}
2026-04-26 22:28:36,964 - INFO - Request: {"timestamp": "2026-04-26T22:28:36.964531", "method": "GET", "path": "/health", "status": 200, "duration_ms": 1383.07}
2026-04-26 22:28:38,914 - INFO - Request: {"timestamp": "2026-04-26T22:28:38.913391", "method": "GET", "path": "/health", "status": 200, "duration_ms": 809.4}
2026-04-26 22:28:41,295 - INFO - Request: {"timestamp": "2026-04-26T22:28:41.295593", "method": "GET", "path": "/health", "status": 200, "duration_ms": 1119.76}
2026-04-26 22:28:43,991 - INFO - Request: {"timestamp": "2026-04-26T22:28:43.991491", "method": "GET", "path": "/health", "status": 200, "duration_ms": 1424.82}
2026-04-26 22:28:46,530 - INFO - Request: {"timestamp": "2026-04-26T22:28:46.530339", "method": "GET", "path": "/health", "status": 200, "duration_ms": 1356.25}
2026-04-26 22:28:48,770 - INFO - Request: {"timestamp": "2026-04-26T22:28:48.770081", "method": "GET", "path": "/health", "status": 200, "duration_ms": 1089.26}
2026-04-26 22:28:51,489 - INFO - Request: {"timestamp": "2026-04-26T22:28:51.489131", "method": "GET", "path": "/health", "status": 200, "duration_ms": 1513.22}
2026-04-26 22:28:53,953 - INFO - Request: {"timestamp": "2026-04-26T22:28:53.952769", "method": "GET", "path": "/health", "status": 200, "duration_ms": 1322.25}
2026-04-26 22:28:55,889 - INFO - Request: {"timestamp": "2026-04-26T22:28:55.888987", "method": "GET", "path": "/health", "status": 200, "duration_ms": 810.96}
2026-04-26 22:28:58,103 - INFO - Request: {"timestamp": "2026-04-26T22:28:58.102942", "method": "GET", "path": "/health", "status": 200, "duration_ms": 1091.47}
2026-04-26 22:29:00,041 - INFO - Request: {"timestamp": "2026-04-26T22:29:00.041048", "method": "GET", "path": "/health", "status": 200, "duration_ms": 810.77}
2026-04-26 22:29:02,242 - INFO - Request: {"timestamp": "2026-04-26T22:29:02.242142", "method": "GET", "path": "/health", "status": 200, "duration_ms": 1077.58}
2026-04-26 22:29:04,461 - INFO - Request: {"timestamp": "2026-04-26T22:29:04.461694", "method": "GET", "path": "/health", "status": 200, "duration_ms": 1089.89}
2026-04-26 22:29:06,642 - INFO - Request: {"timestamp": "2026-04-26T22:29:06.642121", "method": "GET", "path": "/health", "status": 200, "duration_ms": 1067.77}
2026-04-26 22:29:09,118 - INFO - Request: {"timestamp": "2026-04-26T22:29:09.117939", "method": "GET", "path": "/health", "status": 200, "duration_ms": 1361.93}
2026-04-26 22:29:11,059 - INFO - Request: {"timestamp": "2026-04-26T22:29:11.059398", "method": "GET", "path": "/health", "status": 200, "duration_ms": 797.11}
2026-04-26 22:29:13,248 - INFO - Request: {"timestamp": "2026-04-26T22:29:13.247799", "method": "GET", "path": "/health", "status": 200, "duration_ms": 1073.0}
2026-04-26 22:29:15,233 - INFO - Request: {"timestamp": "2026-04-26T22:29:15.233165", "method": "GET", "path": "/health", "status": 200, "duration_ms": 816.04}
2026-04-26 22:29:17,738 - INFO - Request: {"timestamp": "2026-04-26T22:29:17.738650", "method": "GET", "path": "/health", "status": 200, "duration_ms": 1357.91}
2026-04-26 22:29:20,236 - INFO - Request: {"timestamp": "2026-04-26T22:29:20.236556", "method": "GET", "path": "/health", "status": 200, "duration_ms": 1389.07}
2026-04-26 22:29:22,696 - INFO - Request: {"timestamp": "2026-04-26T22:29:22.696415", "method": "GET", "path": "/health", "status": 200, "duration_ms": 1355.17}
2026-04-26 22:29:25,707 - INFO - Request: {"timestamp": "2026-04-26T22:29:25.707149", "method": "GET", "path": "/health", "status": 200, "duration_ms": 1035.69}
2026-04-26 22:29:29,135 - ERROR - Failed to fetch models: HTTP Error 403: Forbidden
2026-04-26 22:29:29,139 - INFO - Request: {"timestamp": "2026-04-26T22:29:29.138911", "method": "GET", "path": "/v1/models", "status": 200, "duration_ms": 1626.65}
2026-04-26 22:29:32,879 - INFO - Request: {"timestamp": "2026-04-26T22:29:32.879567", "method": "POST", "path": "/v1/chat/completions", "status": 200, "duration_ms": 1865.12}
2026-04-26 22:29:35,471 - INFO - Request: {"timestamp": "2026-04-26T22:29:35.470572", "method": "POST", "path": "/v1/chat/completions", "status": 200, "duration_ms": 1213.75}
